---
http_interactions:
- request:
    method: post
    uri: https://api.notion.com/v1/databases/3a81eac13aa64e3c90041b1f25c57d9d/query
    body:
      encoding: US-ASCII
      string: ''
    headers:
      Accept:
      - application/json; charset=utf-8
      User-Agent:
      - Notion Ruby Client/1.2.2
      Authorization:
      - Bearer <NOTION_TOKEN>
      Notion-Version:
      - '2022-02-22'
      Content-Type:
      - application/json
  response:
    status:
      code: 200
      message: OK
    headers:
      date:
      - Mon, 25 Dec 2023 19:43:24 GMT
      content-type:
      - application/json; charset=utf-8
      transfer-encoding:
      - chunked
      connection:
      - keep-alive
      x-powered-by:
      - Express
      x-notion-request-id:
      - '0288966a-07bd-46f0-8814-b30c457e92b4'
      etag:
      - W/"8fb-t6SZ7TOae5ipGpOJGTqffjMnetQ"
      vary:
      - Accept-Encoding
      content-encoding:
      - gzip
      cf-cache-status:
      - DYNAMIC
      set-cookie:
      - __cf_bm=m4WFxSNgM2qyKUm9d9qoGUFOqmlNG8_YtzJYRITKtrY-1703533404-1-Aa6r14202Qq7CBZcJS9Pncd02OK54lvfFVZN70e9COuvPes0G9qSRhkhavB9uU61hxY/UGlBIs37NX1weWi0TE4=;
        path=/; expires=Mon, 25-Dec-23 20:13:24 GMT; domain=.notion.com; HttpOnly;
        Secure; SameSite=None
      server:
      - cloudflare
      cf-ray:
      - 83b392a1da2172ed-IAD
    body:
      encoding: UTF-8
      string: '{"object":"list","results":[{"object":"page","id":"3383ea30-0472-43a6-be65-898b8175dc71","created_time":"2023-12-25T19:42:00.000Z","last_edited_time":"2023-12-25T19:43:00.000Z","created_by":{"object":"user","id":"33bd6ca7-2130-4d07-9d49-cb88fa4bdf85"},"last_edited_by":{"object":"user","id":"33bd6ca7-2130-4d07-9d49-cb88fa4bdf85"},"cover":null,"icon":null,"parent":{"type":"database_id","database_id":"3a81eac1-3aa6-4e3c-9004-1b1f25c57d9d"},"archived":false,"properties":{"Tags":{"id":"%7BMQE","type":"multi_select","multi_select":[]},"Name":{"id":"title","type":"title","title":[{"type":"text","text":{"content":"test
        page","link":null},"annotations":{"bold":false,"italic":false,"strikethrough":false,"underline":false,"code":false,"color":"default"},"plain_text":"test
        page","href":null}]}},"url":"https://www.notion.so/test-page-3383ea30047243a6be65898b8175dc71","public_url":null},{"object":"page","id":"b1c19d4d-576f-4d01-a98a-337791edce14","created_time":"2023-12-25T19:42:00.000Z","last_edited_time":"2023-12-25T19:42:00.000Z","created_by":{"object":"user","id":"33bd6ca7-2130-4d07-9d49-cb88fa4bdf85"},"last_edited_by":{"object":"user","id":"33bd6ca7-2130-4d07-9d49-cb88fa4bdf85"},"cover":null,"icon":null,"parent":{"type":"database_id","database_id":"3a81eac1-3aa6-4e3c-9004-1b1f25c57d9d"},"archived":false,"properties":{"Tags":{"id":"%7BMQE","type":"multi_select","multi_select":[]},"Name":{"id":"title","type":"title","title":[]}},"url":"https://www.notion.so/b1c19d4d576f4d01a98a337791edce14","public_url":null},{"object":"page","id":"f71d09f4-dc35-41b1-b68d-a6773bf04cb2","created_time":"2023-12-25T19:42:00.000Z","last_edited_time":"2023-12-25T19:42:00.000Z","created_by":{"object":"user","id":"33bd6ca7-2130-4d07-9d49-cb88fa4bdf85"},"last_edited_by":{"object":"user","id":"33bd6ca7-2130-4d07-9d49-cb88fa4bdf85"},"cover":null,"icon":null,"parent":{"type":"database_id","database_id":"3a81eac1-3aa6-4e3c-9004-1b1f25c57d9d"},"archived":false,"properties":{"Tags":{"id":"%7BMQE","type":"multi_select","multi_select":[]},"Name":{"id":"title","type":"title","title":[]}},"url":"https://www.notion.so/f71d09f4dc3541b1b68da6773bf04cb2","public_url":null}],"next_cursor":null,"has_more":false,"type":"page_or_database","page_or_database":{},"request_id":"0288966a-07bd-46f0-8814-b30c457e92b4"}'
  recorded_at: Mon, 25 Dec 2023 19:43:24 GMT
- request:
    method: get
    uri: https://api.notion.com/v1/blocks/3383ea30-0472-43a6-be65-898b8175dc71/children
    body:
      encoding: US-ASCII
      string: ''
    headers:
      Accept:
      - application/json; charset=utf-8
      User-Agent:
      - Notion Ruby Client/1.2.2
      Authorization:
      - Bearer <NOTION_TOKEN>
      Notion-Version:
      - '2022-02-22'
  response:
    status:
      code: 200
      message: OK
    headers:
      date:
      - Mon, 25 Dec 2023 19:43:24 GMT
      content-type:
      - application/json; charset=utf-8
      transfer-encoding:
      - chunked
      connection:
      - keep-alive
      x-powered-by:
      - Express
      x-notion-request-id:
      - 2422fb56-5335-4c79-88f7-35ca14b4ee9b
      etag:
      - W/"349-+RBcNkFVMdw7fQRpwflsYF7zhnw"
      vary:
      - Accept-Encoding
      cf-cache-status:
      - DYNAMIC
      set-cookie:
      - __cf_bm=0BlTTsWbXRJtjtqMlwdAPt6z3eXGkHQF7JmiExgu2_c-1703533404-1-AcqrAnPyz6TVC3WwCrcrv4bGniEh0OK7292GCePo+DXpVfC9ghbwxV8ewvMhCMPvgunO4XzfjY42BfBpErG/Q1g=;
        path=/; expires=Mon, 25-Dec-23 20:13:24 GMT; domain=.notion.com; HttpOnly;
        Secure; SameSite=None
      server:
      - cloudflare
      cf-ray:
      - 83b392a2db837004-IAD
      content-encoding:
      - gzip
    body:
      encoding: UTF-8
      string: '{"object":"list","results":[{"object":"block","id":"d3ab085c-4c90-46d9-9c40-cdaf1853d693","parent":{"type":"page_id","page_id":"3383ea30-0472-43a6-be65-898b8175dc71"},"created_time":"2023-12-25T19:43:00.000Z","last_edited_time":"2023-12-25T19:43:00.000Z","created_by":{"object":"user","id":"33bd6ca7-2130-4d07-9d49-cb88fa4bdf85"},"last_edited_by":{"object":"user","id":"33bd6ca7-2130-4d07-9d49-cb88fa4bdf85"},"has_children":false,"archived":false,"type":"paragraph","paragraph":{"rich_text":[{"type":"text","text":{"content":"test
        page ","link":null},"annotations":{"bold":false,"italic":false,"strikethrough":false,"underline":false,"code":false,"color":"default"},"plain_text":"test
        page ","href":null}],"color":"default"}}],"next_cursor":null,"has_more":false,"type":"block","block":{},"request_id":"2422fb56-5335-4c79-88f7-35ca14b4ee9b"}'
  recorded_at: Mon, 25 Dec 2023 19:43:24 GMT
- request:
    method: get
    uri: https://api.notion.com/v1/blocks/b1c19d4d-576f-4d01-a98a-337791edce14/children
    body:
      encoding: US-ASCII
      string: ''
    headers:
      Accept:
      - application/json; charset=utf-8
      User-Agent:
      - Notion Ruby Client/1.2.2
      Authorization:
      - Bearer <NOTION_TOKEN>
      Notion-Version:
      - '2022-02-22'
  response:
    status:
      code: 200
      message: OK
    headers:
      date:
      - Mon, 25 Dec 2023 19:43:24 GMT
      content-type:
      - application/json; charset=utf-8
      transfer-encoding:
      - chunked
      connection:
      - keep-alive
      x-powered-by:
      - Express
      x-notion-request-id:
      - f5e0bac5-7229-4dbc-a0bf-8a5b2bd7ea0d
      etag:
      - W/"90-AWP1jloZjafR4XNg4QuJumedjjY"
      vary:
      - Accept-Encoding
      cf-cache-status:
      - DYNAMIC
      set-cookie:
      - __cf_bm=Kc1A9MmLS15J_YmrbAwaT9RPG_6IYiVPRGdhjhDc0YA-1703533404-1-AUj9Gr8EgNjMO5BSU1ftdZK3AsiT7lLOaPkio8TE5V1S2xOTi1b+aPvZYAp21IzR8D80I7RPDgBvcsqVb7KT8vw=;
        path=/; expires=Mon, 25-Dec-23 20:13:24 GMT; domain=.notion.com; HttpOnly;
        Secure; SameSite=None
      server:
      - cloudflare
      cf-ray:
      - 83b392a3ccc2821a-IAD
      content-encoding:
      - gzip
    body:
      encoding: UTF-8
      string: '{"object":"list","results":[],"next_cursor":null,"has_more":false,"type":"block","block":{},"request_id":"f5e0bac5-7229-4dbc-a0bf-8a5b2bd7ea0d"}'
  recorded_at: Mon, 25 Dec 2023 19:43:24 GMT
- request:
    method: get
    uri: https://api.notion.com/v1/blocks/f71d09f4-dc35-41b1-b68d-a6773bf04cb2/children
    body:
      encoding: US-ASCII
      string: ''
    headers:
      Accept:
      - application/json; charset=utf-8
      User-Agent:
      - Notion Ruby Client/1.2.2
      Authorization:
      - Bearer <NOTION_TOKEN>
      Notion-Version:
      - '2022-02-22'
  response:
    status:
      code: 200
      message: OK
    headers:
      date:
      - Mon, 25 Dec 2023 19:43:25 GMT
      content-type:
      - application/json; charset=utf-8
      transfer-encoding:
      - chunked
      connection:
      - keep-alive
      x-powered-by:
      - Express
      x-notion-request-id:
      - 81b95b78-aa92-45dd-ae05-c7e1eda8af73
      etag:
      - W/"90-S9FKMKqfKsPtLg3Tk3K9fyouj2I"
      vary:
      - Accept-Encoding
      cf-cache-status:
      - DYNAMIC
      set-cookie:
      - __cf_bm=YBX.Hgs9cskiXFAIbsrAx24LGdFD4D8sVT7TT.pQj5M-1703533405-1-AQwjj6Xaq07srXonD9YfjnYMGHeTQdSSK3qzRpgE5PXGz70KmIWJOMPZk+APGPa9HAmparV3zfiDEyjZWxO5ryE=;
        path=/; expires=Mon, 25-Dec-23 20:13:25 GMT; domain=.notion.com; HttpOnly;
        Secure; SameSite=None
      server:
      - cloudflare
      cf-ray:
      - 83b392a4ba956faf-IAD
      content-encoding:
      - gzip
    body:
      encoding: UTF-8
      string: '{"object":"list","results":[],"next_cursor":null,"has_more":false,"type":"block","block":{},"request_id":"81b95b78-aa92-45dd-ae05-c7e1eda8af73"}'
  recorded_at: Mon, 25 Dec 2023 19:43:24 GMT
- request:
    method: get
    uri: https://api.notion.com/v1/pages/3383ea30-0472-43a6-be65-898b8175dc71
    body:
      encoding: US-ASCII
      string: ''
    headers:
      Accept:
      - application/json; charset=utf-8
      User-Agent:
      - Notion Ruby Client/1.2.2
      Authorization:
      - Bearer <NOTION_TOKEN>
      Notion-Version:
      - '2022-02-22'
  response:
    status:
      code: 200
      message: OK
    headers:
      date:
      - Mon, 25 Dec 2023 19:43:25 GMT
      content-type:
      - application/json; charset=utf-8
      transfer-encoding:
      - chunked
      connection:
      - keep-alive
      x-powered-by:
      - Express
      x-notion-request-id:
      - 1d3ccee2-d567-49e6-8781-a4b7fa47c931
      etag:
      - W/"38d-mU4WoRVoRqXFQe+On6OAHtb6aPY"
      vary:
      - Accept-Encoding
      cf-cache-status:
      - DYNAMIC
      set-cookie:
      - __cf_bm=b59VllYLVB9mQs3.zN75jFVDZ.00a5hWvyB7ZzBnliw-1703533405-1-AXTTpvgjDnFAEMEhnCO+k0GDdMXVg4vLyRREECXx8sn57HuNsWNh/gfXr/GNSmxmjujD6M74cyv951Uhs1VStRw=;
        path=/; expires=Mon, 25-Dec-23 20:13:25 GMT; domain=.notion.com; HttpOnly;
        Secure; SameSite=None
      server:
      - cloudflare
      cf-ray:
      - 83b392a5d8228274-IAD
      content-encoding:
      - gzip
    body:
      encoding: UTF-8
      string: '{"object":"page","id":"3383ea30-0472-43a6-be65-898b8175dc71","created_time":"2023-12-25T19:42:00.000Z","last_edited_time":"2023-12-25T19:43:00.000Z","created_by":{"object":"user","id":"33bd6ca7-2130-4d07-9d49-cb88fa4bdf85"},"last_edited_by":{"object":"user","id":"33bd6ca7-2130-4d07-9d49-cb88fa4bdf85"},"cover":null,"icon":null,"parent":{"type":"database_id","database_id":"3a81eac1-3aa6-4e3c-9004-1b1f25c57d9d"},"archived":false,"properties":{"Tags":{"id":"%7BMQE","type":"multi_select","multi_select":[]},"Name":{"id":"title","type":"title","title":[{"type":"text","text":{"content":"test
        page","link":null},"annotations":{"bold":false,"italic":false,"strikethrough":false,"underline":false,"code":false,"color":"default"},"plain_text":"test
        page","href":null}]}},"url":"https://www.notion.so/test-page-3383ea30047243a6be65898b8175dc71","public_url":null,"request_id":"1d3ccee2-d567-49e6-8781-a4b7fa47c931"}'
  recorded_at: Mon, 25 Dec 2023 19:43:25 GMT
- request:
    method: get
    uri: https://api.notion.com/v1/blocks/3383ea30-0472-43a6-be65-898b8175dc71/children
    body:
      encoding: US-ASCII
      string: ''
    headers:
      Accept:
      - application/json; charset=utf-8
      User-Agent:
      - Notion Ruby Client/1.2.2
      Authorization:
      - Bearer <NOTION_TOKEN>
      Notion-Version:
      - '2022-02-22'
  response:
    status:
      code: 200
      message: OK
    headers:
      date:
      - Mon, 25 Dec 2023 19:43:25 GMT
      content-type:
      - application/json; charset=utf-8
      transfer-encoding:
      - chunked
      connection:
      - keep-alive
      x-powered-by:
      - Express
      x-notion-request-id:
      - 450ea8ba-a15b-4cdf-85fb-360bd86328ed
      etag:
      - W/"349-FgBlBeNC6leOGeaw3fL+S3l+RW8"
      vary:
      - Accept-Encoding
      cf-cache-status:
      - DYNAMIC
      set-cookie:
      - __cf_bm=93_U6PGIfAcuE1jhhF.iTVwPdFqfFL3JRuDR6RvyJhc-1703533405-1-ARbw7ICVT7upwKp1Jz+B3z/MwEwMq57aX/Ublz9E8eYArjMiu7zz03OIs7lsBezmhPKtxrgmm2CkSHbeqo42xGU=;
        path=/; expires=Mon, 25-Dec-23 20:13:25 GMT; domain=.notion.com; HttpOnly;
        Secure; SameSite=None
      server:
      - cloudflare
      cf-ray:
      - 83b392a8aea83985-IAD
      content-encoding:
      - gzip
    body:
      encoding: UTF-8
      string: '{"object":"list","results":[{"object":"block","id":"d3ab085c-4c90-46d9-9c40-cdaf1853d693","parent":{"type":"page_id","page_id":"3383ea30-0472-43a6-be65-898b8175dc71"},"created_time":"2023-12-25T19:43:00.000Z","last_edited_time":"2023-12-25T19:43:00.000Z","created_by":{"object":"user","id":"33bd6ca7-2130-4d07-9d49-cb88fa4bdf85"},"last_edited_by":{"object":"user","id":"33bd6ca7-2130-4d07-9d49-cb88fa4bdf85"},"has_children":false,"archived":false,"type":"paragraph","paragraph":{"rich_text":[{"type":"text","text":{"content":"test
        page ","link":null},"annotations":{"bold":false,"italic":false,"strikethrough":false,"underline":false,"code":false,"color":"default"},"plain_text":"test
        page ","href":null}],"color":"default"}}],"next_cursor":null,"has_more":false,"type":"block","block":{},"request_id":"450ea8ba-a15b-4cdf-85fb-360bd86328ed"}'
  recorded_at: Mon, 25 Dec 2023 19:43:25 GMT
- request:
    method: get
    uri: https://api.notion.com/v1/pages/b1c19d4d-576f-4d01-a98a-337791edce14
    body:
      encoding: US-ASCII
      string: ''
    headers:
      Accept:
      - application/json; charset=utf-8
      User-Agent:
      - Notion Ruby Client/1.2.2
      Authorization:
      - Bearer <NOTION_TOKEN>
      Notion-Version:
      - '2022-02-22'
  response:
    status:
      code: 200
      message: OK
    headers:
      date:
      - Mon, 25 Dec 2023 19:43:25 GMT
      content-type:
      - application/json; charset=utf-8
      transfer-encoding:
      - chunked
      connection:
      - keep-alive
      x-powered-by:
      - Express
      x-notion-request-id:
      - 3612c688-2bff-482a-ab0a-8b2d30c8e3fe
      etag:
      - W/"2b1-JSas9V28u/QOWo4jIdtBN/GAvJE"
      vary:
      - Accept-Encoding
      cf-cache-status:
      - DYNAMIC
      set-cookie:
      - __cf_bm=9duh6_hdUHmvvtwDOY6gh..k4ObKuJfOB7DMrNmQ8vk-1703533405-1-AcCEd8hNQPqWs3iJOG0EFeSGrxpLRzQyd3mQd9qENrI875ZPL5lTcBgXJB+TbIcg+4M9UDpRXvGkiNhdAQ5BHB0=;
        path=/; expires=Mon, 25-Dec-23 20:13:25 GMT; domain=.notion.com; HttpOnly;
        Secure; SameSite=None
      server:
      - cloudflare
      cf-ray:
      - 83b392a9ee9b82e6-IAD
      content-encoding:
      - gzip
    body:
      encoding: UTF-8
      string: '{"object":"page","id":"b1c19d4d-576f-4d01-a98a-337791edce14","created_time":"2023-12-25T19:42:00.000Z","last_edited_time":"2023-12-25T19:42:00.000Z","created_by":{"object":"user","id":"33bd6ca7-2130-4d07-9d49-cb88fa4bdf85"},"last_edited_by":{"object":"user","id":"33bd6ca7-2130-4d07-9d49-cb88fa4bdf85"},"cover":null,"icon":null,"parent":{"type":"database_id","database_id":"3a81eac1-3aa6-4e3c-9004-1b1f25c57d9d"},"archived":false,"properties":{"Tags":{"id":"%7BMQE","type":"multi_select","multi_select":[]},"Name":{"id":"title","type":"title","title":[]}},"url":"https://www.notion.so/b1c19d4d576f4d01a98a337791edce14","public_url":null,"request_id":"3612c688-2bff-482a-ab0a-8b2d30c8e3fe"}'
  recorded_at: Mon, 25 Dec 2023 19:43:25 GMT
- request:
    method: get
    uri: https://api.notion.com/v1/blocks/b1c19d4d-576f-4d01-a98a-337791edce14/children
    body:
      encoding: US-ASCII
      string: ''
    headers:
      Accept:
      - application/json; charset=utf-8
      User-Agent:
      - Notion Ruby Client/1.2.2
      Authorization:
      - Bearer <NOTION_TOKEN>
      Notion-Version:
      - '2022-02-22'
  response:
    status:
      code: 200
      message: OK
    headers:
      date:
      - Mon, 25 Dec 2023 19:43:26 GMT
      content-type:
      - application/json; charset=utf-8
      transfer-encoding:
      - chunked
      connection:
      - keep-alive
      x-powered-by:
      - Express
      x-notion-request-id:
      - eda5dfd8-2af0-469b-8c49-398be292a1b0
      etag:
      - W/"90-hCrtm5yIPQ16mM0pxIgbe4AD1Xg"
      vary:
      - Accept-Encoding
      cf-cache-status:
      - DYNAMIC
      set-cookie:
      - __cf_bm=RVjQXJ.rvcWPjUWRgip8lRLGomDb4K54xqSuHOsjXFo-1703533406-1-AckFrg7bkOOmbUr3Y+ZNEX4MaxZ7p6rvfcxmabMUciNdlvfJjEkigumbr/13Nqy90Q6ewn7DwhY5+vhH1I9zt+M=;
        path=/; expires=Mon, 25-Dec-23 20:13:26 GMT; domain=.notion.com; HttpOnly;
        Secure; SameSite=None
      server:
      - cloudflare
      cf-ray:
      - 83b392ab2e2920b7-IAD
      content-encoding:
      - gzip
    body:
      encoding: UTF-8
      string: '{"object":"list","results":[],"next_cursor":null,"has_more":false,"type":"block","block":{},"request_id":"eda5dfd8-2af0-469b-8c49-398be292a1b0"}'
  recorded_at: Mon, 25 Dec 2023 19:43:25 GMT
- request:
    method: get
    uri: https://api.notion.com/v1/pages/f71d09f4-dc35-41b1-b68d-a6773bf04cb2
    body:
      encoding: US-ASCII
      string: ''
    headers:
      Accept:
      - application/json; charset=utf-8
      User-Agent:
      - Notion Ruby Client/1.2.2
      Authorization:
      - Bearer <NOTION_TOKEN>
      Notion-Version:
      - '2022-02-22'
  response:
    status:
      code: 200
      message: OK
    headers:
      date:
      - Mon, 25 Dec 2023 19:43:26 GMT
      content-type:
      - application/json; charset=utf-8
      transfer-encoding:
      - chunked
      connection:
      - keep-alive
      x-powered-by:
      - Express
      x-notion-request-id:
      - e3435601-94e0-43fd-b004-9f1ebe4ef34f
      etag:
      - W/"2b1-awZYXHs73kCnt8j9cYg0hQ6I3m0"
      vary:
      - Accept-Encoding
      cf-cache-status:
      - DYNAMIC
      set-cookie:
      - __cf_bm=k4eXNF2vZ15Lp4w2U.0C1lu35poCQ8KjkaDWengQFaw-1703533406-1-AdPoCU945fSmRqjh1zjpZIEWliB9ot/xp3pRflh6QTyArC3901Jj0i2L6oBDz3Cda+nh3QPnwBEr+FSrX7hON4o=;
        path=/; expires=Mon, 25-Dec-23 20:13:26 GMT; domain=.notion.com; HttpOnly;
        Secure; SameSite=None
      server:
      - cloudflare
      cf-ray:
      - 83b392ac287459c1-IAD
      content-encoding:
      - gzip
    body:
      encoding: UTF-8
      string: '{"object":"page","id":"f71d09f4-dc35-41b1-b68d-a6773bf04cb2","created_time":"2023-12-25T19:42:00.000Z","last_edited_time":"2023-12-25T19:42:00.000Z","created_by":{"object":"user","id":"33bd6ca7-2130-4d07-9d49-cb88fa4bdf85"},"last_edited_by":{"object":"user","id":"33bd6ca7-2130-4d07-9d49-cb88fa4bdf85"},"cover":null,"icon":null,"parent":{"type":"database_id","database_id":"3a81eac1-3aa6-4e3c-9004-1b1f25c57d9d"},"archived":false,"properties":{"Tags":{"id":"%7BMQE","type":"multi_select","multi_select":[]},"Name":{"id":"title","type":"title","title":[]}},"url":"https://www.notion.so/f71d09f4dc3541b1b68da6773bf04cb2","public_url":null,"request_id":"e3435601-94e0-43fd-b004-9f1ebe4ef34f"}'
  recorded_at: Mon, 25 Dec 2023 19:43:26 GMT
- request:
    method: get
    uri: https://api.notion.com/v1/blocks/f71d09f4-dc35-41b1-b68d-a6773bf04cb2/children
    body:
      encoding: US-ASCII
      string: ''
    headers:
      Accept:
      - application/json; charset=utf-8
      User-Agent:
      - Notion Ruby Client/1.2.2
      Authorization:
      - Bearer <NOTION_TOKEN>
      Notion-Version:
      - '2022-02-22'
  response:
    status:
      code: 200
      message: OK
    headers:
      date:
      - Mon, 25 Dec 2023 19:43:26 GMT
      content-type:
      - application/json; charset=utf-8
      transfer-encoding:
      - chunked
      connection:
      - keep-alive
      x-powered-by:
      - Express
      x-notion-request-id:
      - 9ca686d2-8515-42e7-91c2-064779e70526
      etag:
      - W/"90-ZR2iN89C8c3uhZCq27NmM5FvoFQ"
      vary:
      - Accept-Encoding
      cf-cache-status:
      - DYNAMIC
      set-cookie:
      - __cf_bm=dT571BIwpxMNzPg52CPH.jQDBx4XZ9H8ddgigR.zlx4-1703533406-1-AbHT2WrkZ+Qe/0+NcqcTandJkbtFmu6KVEt6Dr6K/9G/fECYXuh7iuYx0US45BHPXYGoPRagCqmd10JORKNT0r4=;
        path=/; expires=Mon, 25-Dec-23 20:13:26 GMT; domain=.notion.com; HttpOnly;
        Secure; SameSite=None
      server:
      - cloudflare
      cf-ray:
      - 83b392ad1f2e0778-IAD
      content-encoding:
      - gzip
    body:
      encoding: UTF-8
      string: '{"object":"list","results":[],"next_cursor":null,"has_more":false,"type":"block","block":{},"request_id":"9ca686d2-8515-42e7-91c2-064779e70526"}'
  recorded_at: Mon, 25 Dec 2023 19:43:26 GMT
recorded_with: VCR 6.2.0
